Component: ARM Compiler 5.06 update 6 (build 750) Tool: armlink [4d35ed]

==============================================================================

Section Cross References

    原ex15.4.o(RESET) refers to 原ex15.4.o(STACK) for __initial_sp
    原ex15.4.o(RESET) refers to 原ex15.4.o(test2) for Reset_Handler
    原ex15.4.o(test2) refers to 原ex15.4.o(STACK) for __initial_sp


==============================================================================

Image Symbol Table

    Local Symbols

    Symbol Name                              Value     Ov Type        Size  Object(Section)

    RESET                                    0x00000000   Section       20  原ex15.4.o(RESET)
    原EX15.4.s                               0x00000000   Number         0  原ex15.4.o ABSOLUTE
    test2                                    0x00000014   Section      184  原ex15.4.o(test2)
    $v0                                      0x00000014   Number         0  原ex15.4.o(test2)
    NmiISR                                   0x000000a9   Thumb Code     0  原ex15.4.o(test2)
    FaultISR                                 0x000000ab   Thumb Code     0  原ex15.4.o(test2)
    IntDefaultHandler                        0x000000ad   Thumb Code     0  原ex15.4.o(test2)
    STACK                                    0x20000000   Section     1024  原ex15.4.o(STACK)

    Global Symbols

    Symbol Name                              Value     Ov Type        Size  Object(Section)

    BuildAttributes$$THM_ISAv4$E$P$D$K$B$S$7EM$VFPi3$EXTD16$VFPS$VFMA$PE$A:L22UL41UL21$X:L11$S22US41US21$IEEE1$IW$USESV6$~STKCKD$USESV7$~SHL$OSPACE$EBA8$STANDARDLIB$EABIv2 0x00000000   Number         0  anon$$obj.o ABSOLUTE
    __Vectors                                0x00000000   Data           4  原ex15.4.o(RESET)
    Reset_Handler                            0x00000015   Thumb Code     0  原ex15.4.o(test2)
    __initial_sp                             0x20000000   Data        1024  原ex15.4.o(STACK)



==============================================================================

Memory Map of the image

  Image Entry point : 0x00000015

  Load Region LR_1 (Base: 0x00000000, Size: 0x000000cc, Max: 0xffffffff, ABSOLUTE)

    Execution Region ER_RO (Exec base: 0x00000000, Load base: 0x00000000, Size: 0x000000cc, Max: 0xffffffff, ABSOLUTE)

    Exec Addr    Load Addr    Size         Type   Attr      Idx    E Section Name        Object

    0x00000000   0x00000000   0x00000014   Data   RO            1    RESET               原ex15.4.o
    0x00000014   0x00000014   0x000000b8   Code   RO            2  * test2               原ex15.4.o


    Execution Region ER_RW (Exec base: 0x20000000, Load base: 0x000000cc, Size: 0x00000000, Max: 0xffffffff, ABSOLUTE)

    **** No section assigned to this execution region ****


    Execution Region ER_ZI (Exec base: 0x20000000, Load base: 0x000000cc, Size: 0x00000400, Max: 0xffffffff, ABSOLUTE)

    Exec Addr    Load Addr    Size         Type   Attr      Idx    E Section Name        Object

    0x20000000        -       0x00000400   Zero   RW            3    STACK               原ex15.4.o


==============================================================================

Image component sizes


      Code (inc. data)   RO Data    RW Data    ZI Data      Debug   Object Name

       184         18         20          0       1024        328   原ex15.4.o

    ----------------------------------------------------------------------
       184         18         20          0       1024        328   Object Totals
         0          0          0          0          0          0   (incl. Generated)
         0          0          0          0          0          0   (incl. Padding)

    ----------------------------------------------------------------------
         0          0          0          0          0          0   Library Totals
         0          0          0          0          0          0   (incl. Padding)

    ----------------------------------------------------------------------

==============================================================================


      Code (inc. data)   RO Data    RW Data    ZI Data      Debug   

       184         18         20          0       1024        328   Grand Totals
       184         18         20          0       1024        328   ELF Image Totals
       184         18         20          0          0          0   ROM Totals

==============================================================================

    Total RO  Size (Code + RO Data)                  204 (   0.20kB)
    Total RW  Size (RW Data + ZI Data)              1024 (   1.00kB)
    Total ROM Size (Code + RO Data + RW Data)        204 (   0.20kB)

==============================================================================

