


ARM Macro Assembler    Page 1 


    1 00000000                 AREA             led,code,readonly
    2 00000000                 entry
    3 00000000         
    4 00000000 E3A01101        ldr              r1,=0x40000000 ;bit banded regi
                                                            on base
    5 00000004 E3A04442        ldr              r4,=0x42000000 ;bit banded alia
                                                            s base
    6 00000008 E3A05007        ldr              r5,=7       ;bits number
    7 0000000C         
    8 0000000C E59F00E0        ldr              r0,=0x43070010 ;(1)
    9 00000010         
   10 00000010 E0400004        sub              r0,r0,r4    ;byte offset
   11 00000014 E1A062A0        lsr              r6,r0,#5    ;offset /32
   12 00000018 E3E070FF        ldr              r7,=0xFFFFFF00
   13 0000001C E1C00007        bic              r0,r0,r7    ;last 8 bits
   14 00000020 E1A00120        lsr              r0,#2       ;bit number=last 8 
                                                            bits/4
   15 00000024         
   16 00000024 E0866001        add              r6,r6,r1    ;bit banded region 
                                                            0x40083800
   17 00000028         
   18 00000028 E59F00C4        ldr              r0,=0x43070010 ;(2)
   19 0000002C         
   20 0000002C E59F70C4        ldr              r7,=0x1FF0000
   21 00000030 E0006007        and              r6,r0,r7
   22 00000034 E1A062E6        ror              r6,#5
   23 00000038 E20770FF        and              r7,#0xFF
   24 0000003C E1A07167        ror              r7,#2
   25 00000040         
   26 00000040 E1866001        orr              r6,r6,r1    ;bit banded region
   27 00000044         
   28 00000044         ;ldr r8,=0x40038000
   29 00000044         ;ldr r0,[r8]
   30 00000044 E59F00B0        ldr              r0,=0x40038000 ;(3)alias(a)
   31 00000048 E3A01101        ldr              r1,=0x40000000
   32 0000004C E3A06442        ldr              r6,=0x42000000 ;bit banded alia
                                                            s base
   33 00000050 E3A0500C        ldr              r5,=12
   34 00000054         
   35 00000054 E0400001        sub              r0,r0,r1
   36 00000058 E1A00280        lsl              r0,#5
   37 0000005C E3E070FF        ldr              r7,=0xFFFFFF00
   38 00000060 E1A08105        lsl              r8,r5,#2
   39 00000064 E0866000        add              r6,r0
   40 00000068 E0866008        add              r6,r8       ;0x42700030
   41 0000006C         
   42 0000006C E59F0088        ldr              r0,=0x40038000 ;(b)
   43 00000070 E3A06442        ldr              r6,=0x42000000
   44 00000074 E3A07AFF        ldr              r7,=0xFF000
   45 00000078 E0006007        and              r6,r0,r7
   46 0000007C E1A06DE6        ror              r6,#27
   47 00000080 E1A08F65        ror              r8,r5,#30
   48 00000084 E1866004        orr              r6,r4
   49 00000088 E1866008        orr              r6,r8
   50 0000008C         
   51 0000008C E3A01442        ldr              r1,=0x42000000
   52 00000090 E59F2064        ldr              r2,=0x40038000
   53 00000094 E3A0300C        ldr              r3,=12
   54 00000098 E59FD060        ldr              sp,=0x40000080



ARM Macro Assembler    Page 2 


   55 0000009C EB000002        bl               Conv2Alias
   56 000000A0         
   57 000000A0 E59F104C        ldr              r1,=0x43070010
   58 000000A4 EB000008        bl               Conv2Region
   59 000000A8         
   60 000000A8 EAFFFFFE 
                       stop    B                stop
   61 000000AC         Conv2Alias
   62 000000AC E92D4700        stmdb            sp!,{r8,r9,r10,lr}
   63 000000B0 E1A03103        lsl              r3,#2
   64 000000B4         
   65 000000B4 E3A09101        ldr              r9,=0x40000000
   66 000000B8 E0422009        sub              r2,r9
   67 000000BC E1A02282        lsl              r2,#5
   68 000000C0         
   69 000000C0 E0811003        add              r1,r3
   70 000000C4 E0811002        add              r1,r2
   71 000000C8 E8BD8700        ldmia            sp!,{r8,r9,r10,pc}
   72 000000CC         
   73 000000CC         Conv2Region
   74 000000CC E92D4700        stmdb            sp!,{r8,r9,r10,lr}
   75 000000D0 E3A09442        ldr              r9,=0x42000000
   76 000000D4 E3A0A101        ldr              r10,=0x40000000
   77 000000D8 E0411009        sub              r1,r9       ;byte offset
   78 000000DC E1A062A1        lsr              r6,r1,#5    ;offset /32
   79 000000E0 E3E070FF        ldr              r7,=0xFFFFFF00
   80 000000E4 E1C12007        bic              r2,r1,r7    ;last 8 bits
   81 000000E8 E1A02122        lsr              r2,#2       ;bit number=last 8 
                                                            bits/4
   82 000000EC         
   83 000000EC E08A3006        add              r3,r10,r6   ;bit banded region 
                                                            0x40083800
   84 000000F0 E8BD8700        ldmia            sp!,{r8,r9,r10,pc}
   85 000000F4         
   86 000000F4                 END
              43070010 
              01FF0000 
              40038000 
              40000080 
Command Line: --debug --xref --diag_suppress=9931 --apcs=interwork --depend=.\o
bjects\bit-banded.d -o.\objects\bit-banded.o -IC:\Keil_v5\ARM\RV31\INC -IC:\Kei
l_v5\ARM\CMSIS\Include -IC:\Keil_v5\ARM\INC\Philips --predefine="__EVAL SETA 1"
 --predefine="__UVISION_VERSION SETA 528" --list=.\listings\bit-banded.lst bit-
banded.s



ARM Macro Assembler    Page 1 Alphabetic symbol ordering
Relocatable symbols

Conv2Alias 000000AC

Symbol: Conv2Alias
   Definitions
      At line 61 in file bit-banded.s
   Uses
      At line 55 in file bit-banded.s
Comment: Conv2Alias used once
Conv2Region 000000CC

Symbol: Conv2Region
   Definitions
      At line 73 in file bit-banded.s
   Uses
      At line 58 in file bit-banded.s
Comment: Conv2Region used once
led 00000000

Symbol: led
   Definitions
      At line 1 in file bit-banded.s
   Uses
      None
Comment: led unused
stop 000000A8

Symbol: stop
   Definitions
      At line 60 in file bit-banded.s
   Uses
      At line 60 in file bit-banded.s
Comment: stop used once
4 symbols
338 symbols in table
